// Jest Snapshot v1, https://goo.gl/fbAQLP

exports[`Group Name Profile renders correctly 1`] = `null`;
